{
        "body": "Golden",
        "head": "Golden",
        "jewelry": "#WAGMI Chain",
        "outfit": "Black tee",
        "eye": "None",
        "mouth attributes": "None",
        "background": "Gold Flakes",
        "glasses": "None",
        "headwear": "Gold Halo"
}
